--- TEST 1: Admin Login Correct ---
[Admin CSE] Status: 401
[Admin CSE] Error: Invalid creds

--- TEST 2: Student Login Correct ---
[Student CSE] Status: 401
[Student CSE] Error: Invalid creds

--- TEST 3: Student Login WRONG DEPT (Isolation Check) ---
[Student Cross-Dept] Status: 401
[Student Cross-Dept] Error: Invalid creds (User not found in this Dept)
